2010.12    153.00  (18 days)
2011.01      9.00  (4 days)
Total:     162.00
