2010.11.01      8.00  meeting with SUPPLY-R; repair lamp spire
Total:          8.00
