2010.11.01      2.00  meeting with SUPPLY-R
2010.11.01      6.00  repair lamp spire
Total:          8.00
