2010.11     24.00  (3 days)
2010.12    153.00  (18 days)
2011.01      9.00  (4 days)
Total:     186.00
