2010    177.00  (21 days)
2011      9.00  (4 days)
Total:  186.00
