2010.11.01      2.00  meeting with SUPPLY-R
2010.11.01      6.00  repair lamp spire
2010.11.02      2.00  meeting with SUPPLY-R (again)
2010.11.02      6.00  repair lamp spire (again)
2010.11.03      2.00  meeting with SUPPLY-R (yet again)
2010.11.03      6.00  repair lamp spire (yet again)
2010.12.01      2.00  watched TV
2010.12.01      1.00  nap
2010.12.01      6.00  dance!
2010.12.02      2.00  collect honey
2010.12.02      5.00  yoga
2010.12.03      4.00  draw
2010.12.03      9.00  snow fight
2010.12.04     12.00  playing quake
2010.12.05      9.00  counting beads
2010.12.06      7.00  designing sky hook
2010.12.07      8.00  sky hook implementation
2010.12.08      8.00  sky hook design #2
2010.12.09      8.00  sky hook implementation #2
2010.12.10      8.00  sky hook design #3
2010.12.11      8.00  sky hook implementation #2
2010.12.12      8.00  feed ducks @ the park
2010.12.13      8.00  sky hook 10% done
2010.12.14      8.00  ^^^ a bit more of the above
2010.12.15      8.00  this & that
2010.12.16      8.00  * everything *
2010.12.17      8.00  ( brackets )
2010.12.18      8.00  some other symbols: _ + = | \ ` ~ ' " : ; < > , . ? /
2011.01.01      2.00  not very orginal example
2011.01.01      1.00  which shows how to provide discounts
2011.01.01      6.00  and adds notes
2011.01.02      0.00  fixed fee
2011.01.03      0.00  $100 off coupon
2011.01.04      0.00  some notes go here
Total:        186.00
