2010.11.01      8.00  meeting with SUPPLY-R; repair lamp spire
2010.12.01      9.00  watched TV; nap; dance!
Total:         17.00
