2010.11.01      2.00  meeting with SUPPLY-R
2010.11.01      6.00  repair lamp spire
2010.12.01      2.00  watched TV
2010.12.01      1.00  nap
2010.12.01      6.00  dance!
Total:         17.00
