2010.11.01      8.00  meeting with SUPPLY-R; repair lamp spire
2010.11.02      8.00  meeting with SUPPLY-R (again); repair lamp spire (again)
2010.11.03      8.00  meeting with SUPPLY-R (yet again); repair lamp spire (yet again)
2010.12.01      9.00  watched TV; nap; dance!
2010.12.02      7.00  collect honey; yoga
2010.12.03     13.00  draw; snow fight
2010.12.04     12.00  playing quake
2010.12.05      9.00  counting beads
2010.12.06      7.00  designing sky hook
2010.12.07      8.00  sky hook implementation
2010.12.08      8.00  sky hook design #2
2010.12.09      8.00  sky hook implementation #2
2010.12.10      8.00  sky hook design #3
2010.12.11      8.00  sky hook implementation #2
2010.12.12      8.00  feed ducks @ the park
2010.12.13      8.00  sky hook 10% done
2010.12.14      8.00  ^^^ a bit more of the above
2010.12.15      8.00  this & that
2010.12.16      8.00  * everything *
2010.12.17      8.00  ( brackets )
2010.12.18      8.00  some other symbols: _ + = | \ ` ~ ' " : ; < > , . ? /
2011.01.01      9.00  not very orginal example; which shows how to provide discounts; and adds notes
2011.01.02      0.00  fixed fee
2011.01.03      0.00  $100 off coupon
2011.01.04      0.00  some notes go here
Total:        186.00
